../Core/Src/stm32f1xx_hal_msp.c:66:6:HAL_MspInit	24	static
../Core/Src/stm32f1xx_hal_msp.c:92:6:HAL_SPI_MspInit	40	static
../Core/Src/stm32f1xx_hal_msp.c:132:6:HAL_SPI_MspDeInit	16	static
../Core/Src/stm32f1xx_hal_msp.c:162:6:HAL_TIM_Base_MspInit	24	static
../Core/Src/stm32f1xx_hal_msp.c:189:6:HAL_TIM_MspPostInit	40	static
../Core/Src/stm32f1xx_hal_msp.c:219:6:HAL_TIM_Base_MspDeInit	16	static
../Core/Src/stm32f1xx_hal_msp.c:252:6:HAL_UART_MspInit	40	static
../Core/Src/stm32f1xx_hal_msp.c:291:6:HAL_UART_MspDeInit	16	static
../Core/Src/stm32f1xx_hal_msp.c:316:13:HAL_FSMC_MspInit	32	static
../Core/Src/stm32f1xx_hal_msp.c:369:6:HAL_SRAM_MspInit	16	static
../Core/Src/stm32f1xx_hal_msp.c:381:13:HAL_FSMC_MspDeInit	8	static
../Core/Src/stm32f1xx_hal_msp.c:427:6:HAL_SRAM_MspDeInit	16	static
